// Jest Snapshot v1, https://goo.gl/fbAQLP

exports[`prázdný formulář 1`] = `
<div
  className="SignIn_div"
>
  <div
    className="panel panel-primary"
    id={undefined}
  >
    <div
      className="panel-heading"
    >
      Přihlášení do aplikace JCM
    </div>
    <div
      className="panel-body"
    >
      <form
        autoComplete="off"
        className="SignIn_form form-inline"
        onSubmit={[Function]}
      >
        <div
          className="form-group"
        >
          <label
            className="control-label"
            htmlFor="username"
          >
            Jméno
          </label>
           
          <input
            className="form-control"
            id="username"
            onChange={[Function]}
            placeholder=""
            type="text"
            value=""
          />
        </div>
        <span
          className="SignIn_spacing"
        />
        <div
          className="form-group"
        >
          <label
            className="control-label"
            htmlFor="password"
          >
            Heslo
          </label>
           
          <input
            className="form-control"
            id="password"
            onChange={[Function]}
            placeholder=""
            type="password"
            value=""
          />
        </div>
        <span
          className="SignIn_spacing"
        />
        <div
          className="form-group"
        >
          <button
            className="btn btn-success"
            disabled={false}
            type="submit"
          >
            Přihlásit
          </button>
        </div>
      </form>
    </div>
  </div>
</div>
`;
