// Jest Snapshot v1, https://goo.gl/fbAQLP

exports[`getVysledky() - test db 1`] = `
Object {
  "datum": "8. června 2019",
  "subtitle": "Jirkovský crossmarathon a Jirkovský půlmarathon 2019",
  "summary": Object {
    "dokoncilo": 2,
    "startovalo": 3,
  },
  "title": "Výsledková listina",
  "typy": Object {
    "cyklo": Object {
      "popisek": "cyklisté",
      "startCisla": true,
      "stats": Object {
        "dokoncilo": 0,
        "startovalo": 0,
      },
      "typ": "cyklo",
      "ucastnici": Array [],
      "zkratky": Array [],
    },
    "koloběžka": Object {
      "popisek": "koloběžky",
      "startCisla": true,
      "stats": Object {
        "dokoncilo": 0,
        "startovalo": 0,
      },
      "typ": "koloběžka",
      "ucastnici": Array [],
      "zkratky": Array [],
    },
    "maraton": Object {
      "popisek": "maratonci",
      "startCisla": true,
      "stats": Object {
        "dokoncilo": 0,
        "startovalo": 0,
      },
      "typ": "maraton",
      "ucastnici": Array [],
      "zkratky": Array [],
    },
    "pěší": Object {
      "popisek": "turisté",
      "startCisla": false,
      "stats": Object {
        "dokoncilo": 0,
        "startovalo": 0,
      },
      "typ": "pěší",
      "ucastnici": Array [],
      "zkratky": Array [],
    },
    "půlmaraton": Object {
      "popisek": "půlmaratonci",
      "startCisla": true,
      "stats": Object {
        "1Ž": Object {
          "dokoncilo": 2,
          "popisek": "ženy 18-39",
          "startovalo": 2,
          "zkratka": "1Ž",
        },
        "4M": Object {
          "dokoncilo": 0,
          "popisek": "muži 60 a více",
          "startovalo": 1,
          "zkratka": "4M",
        },
        "dokoncilo": 2,
        "startovalo": 3,
      },
      "typ": "půlmaraton",
      "ucastnici": Array [
        Object {
          "absPoradi": 1,
          "cas": "2:06:32,60",
          "dokonceno": true,
          "id": "7a09b1fd371dec1e99b7e142",
          "jmeno": "Hana",
          "kategorie": Object {
            "id": "5a587e1b051c181132cf83d9",
            "pohlavi": "žena",
            "typ": "půlmaraton",
            "vek": Object {
              "max": 39,
              "min": 18,
            },
            "zkratka": "1Ž",
          },
          "misto": "SK Nudle",
          "narozeni": 1999,
          "prijmeni": "Zralá",
          "relPoradi": 1,
          "startCislo": 11,
        },
        Object {
          "absPoradi": 2,
          "cas": "3:15:32,60",
          "dokonceno": true,
          "id": "9ccbc71dedc1e99b7e1d671",
          "jmeno": "Božena",
          "kategorie": Object {
            "id": "5a587e1b051c181132cf83d9",
            "pohlavi": "žena",
            "typ": "půlmaraton",
            "vek": Object {
              "max": 39,
              "min": 18,
            },
            "zkratka": "1Ž",
          },
          "misto": "Bor",
          "narozeni": 2001,
          "prijmeni": "Půlmaratonka",
          "relPoradi": 2,
          "startCislo": 8,
        },
        Object {
          "absPoradi": undefined,
          "cas": "nedokončeno",
          "dokonceno": false,
          "id": "5a09b1fd371dec1e99b7e1c9",
          "jmeno": "Roman",
          "kategorie": Object {
            "id": "5a587e1b051c181132cf83d7",
            "pohlavi": "muž",
            "typ": "půlmaraton",
            "vek": Object {
              "max": 150,
              "min": 60,
            },
            "zkratka": "4M",
          },
          "misto": "Ostrava 2",
          "narozeni": 1956,
          "prijmeni": "Balabák",
          "relPoradi": undefined,
          "startCislo": 15,
        },
      ],
      "zkratky": Array [
        "4M",
        "1Ž",
      ],
    },
  },
}
`;
