// Jest Snapshot v1, https://goo.gl/fbAQLP

exports[`maps state to props 1`] = `
Array [
  Object {
    "datum": 2020-06-06T00:00:00.000Z,
    "deletePoznamka": [Function],
    "lines": 1,
    "modifyPoznamka": [Function],
    "text": "přihlášena na startu",
  },
  Object {
    "datum": 2020-06-06T00:00:00.000Z,
    "deletePoznamka": [Function],
    "lines": 1,
    "modifyPoznamka": [Function],
    "text": "poběží s vodičem",
  },
  Object {
    "datum": 2020-05-21T08:53:49.154Z,
    "deletePoznamka": [Function],
    "lines": 4,
    "modifyPoznamka": [Function],
    "text": "jedna moc super dlouhá poznámka
která pokračuje na dalších a dalších
řádcích dle libosti
až do nekonečna",
  },
]
`;
