// Jest Snapshot v1, https://goo.gl/fbAQLP

exports[`renders 1`] = `
<div
  className="Vysledky"
>
  <h1
    className="Vysledky__title"
  >
    Výsledková listina
  </h1>
  <h2
    className="Vysledky__subtitle"
  >
    Jirkovský crossmarathon a Jirkovský půlmarathon 2018
  </h2>
  <h3
    className="Vysledky__datum"
  >
    9. června 2018
  </h3>
  <div>
    <div
      className="VysledkyStats__typ"
    >
      <table
        className="VysledkyTypuStats__table"
      >
        <thead>
          <tr>
            <th />
            <th>
              <a
                href="#cyklo"
              >
                cyklisté
              </a>
            </th>
            <th>
              startovalo
            </th>
            <th>
              dokončilo
            </th>
          </tr>
        </thead>
        <tbody>
          <tr
            className="VysledkyTypuStats__tr--total"
          >
            <td />
            <td>
              celkem
            </td>
            <td
              className="VysledkyTypuStats__td--pocty"
            >
              0
            </td>
            <td
              className="VysledkyTypuStats__td--pocty"
            >
              0
            </td>
          </tr>
        </tbody>
      </table>
    </div>
    <div
      className="VysledkyStats__typ"
    >
      <table
        className="VysledkyTypuStats__table"
      >
        <thead>
          <tr>
            <th />
            <th>
              <a
                href="#koloběžka"
              >
                koloběžky
              </a>
            </th>
            <th>
              startovalo
            </th>
            <th>
              dokončilo
            </th>
          </tr>
        </thead>
        <tbody>
          <tr
            className="VysledkyTypuStats__tr--total"
          >
            <td />
            <td>
              celkem
            </td>
            <td
              className="VysledkyTypuStats__td--pocty"
            >
              0
            </td>
            <td
              className="VysledkyTypuStats__td--pocty"
            >
              0
            </td>
          </tr>
        </tbody>
      </table>
    </div>
    <div
      className="VysledkyStats__typ"
    >
      <table
        className="VysledkyTypuStats__table"
      >
        <thead>
          <tr>
            <th />
            <th>
              <a
                href="#maraton"
              >
                maratonci
              </a>
            </th>
            <th>
              startovalo
            </th>
            <th>
              dokončilo
            </th>
          </tr>
        </thead>
        <tbody>
          <tr
            className="VysledkyTypuStats__tr--total"
          >
            <td />
            <td>
              celkem
            </td>
            <td
              className="VysledkyTypuStats__td--pocty"
            >
              0
            </td>
            <td
              className="VysledkyTypuStats__td--pocty"
            >
              0
            </td>
          </tr>
        </tbody>
      </table>
    </div>
    <div
      className="VysledkyStats__typ"
    >
      <table
        className="VysledkyTypuStats__table"
      >
        <thead>
          <tr>
            <th />
            <th>
              <a
                href="#pěší"
              >
                turisté
              </a>
            </th>
            <th>
              startovalo
            </th>
            <th>
              dokončilo
            </th>
          </tr>
        </thead>
        <tbody>
          <tr
            className="VysledkyTypuStats__tr--total"
          >
            <td />
            <td>
              celkem
            </td>
            <td
              className="VysledkyTypuStats__td--pocty"
            >
              0
            </td>
            <td
              className="VysledkyTypuStats__td--pocty"
            >
              0
            </td>
          </tr>
        </tbody>
      </table>
    </div>
    <div
      className="VysledkyStats__typ"
    >
      <table
        className="VysledkyTypuStats__table"
      >
        <thead>
          <tr>
            <th />
            <th>
              <a
                href="#půlmaraton"
              >
                půlmaratonci
              </a>
            </th>
            <th>
              startovalo
            </th>
            <th>
              dokončilo
            </th>
          </tr>
        </thead>
        <tbody>
          <tr>
            <td>
              4M
            </td>
            <td>
              muži 60 a více
            </td>
            <td
              className="VysledkyTypuStats__td--pocty"
            >
              1
            </td>
            <td
              className="VysledkyTypuStats__td--pocty"
            >
              0
            </td>
          </tr>
          <tr>
            <td>
              1Ž
            </td>
            <td>
              ženy 18-39
            </td>
            <td
              className="VysledkyTypuStats__td--pocty"
            >
              1
            </td>
            <td
              className="VysledkyTypuStats__td--pocty"
            >
              1
            </td>
          </tr>
          <tr
            className="VysledkyTypuStats__tr--total"
          >
            <td />
            <td>
              celkem
            </td>
            <td
              className="VysledkyTypuStats__td--pocty"
            >
              2
            </td>
            <td
              className="VysledkyTypuStats__td--pocty"
            >
              1
            </td>
          </tr>
        </tbody>
      </table>
    </div>
    <div>
      účastníků celkem: 
      2
    </div>
  </div>
  <div
    className="VysledkyTypu--zavodnici"
  >
    <div
      className="VysledkyTypu__stats"
    >
      <table
        className="VysledkyTypuStats__table"
      >
        <thead>
          <tr>
            <th />
            <th>
              <a
                className="VysledkyTypuStats__a"
                name="cyklo"
              >
                 
                cyklisté
                 
              </a>
            </th>
            <th>
              startovalo
            </th>
            <th>
              dokončilo
            </th>
          </tr>
        </thead>
        <tbody>
          <tr
            className="VysledkyTypuStats__tr--total"
          >
            <td />
            <td>
              celkem
            </td>
            <td
              className="VysledkyTypuStats__td--pocty"
            >
              0
            </td>
            <td
              className="VysledkyTypuStats__td--pocty"
            >
              0
            </td>
          </tr>
        </tbody>
      </table>
    </div>
    <table
      className="VysledkyTypuZavodnici__table"
    >
      <thead
        className="VysledkyTypuUcastnici__thead"
      >
        <tr>
          <th
            className="VysledkyTypuUcastnici__th--caption"
            colSpan={6}
          >
            cyklisté
          </th>
        </tr>
        <tr>
          <th
            rowSpan="3"
          >
            start.
            <br />
            číslo
          </th>
          <th
            rowSpan="3"
          >
            příjmení a jméno
          </th>
          <th
            rowSpan="3"
          >
            klub či obec
          </th>
          <th
            rowSpan="3"
          >
            nar.
          </th>
          <th
            rowSpan="3"
          >
            čas
          </th>
          <th
            colSpan={1}
          >
            umístění
          </th>
        </tr>
        <tr>
          <th
            rowSpan="2"
          >
            abs.
          </th>
          <th
            colSpan={0}
          >
            v kategorii
          </th>
        </tr>
        <tr />
      </thead>
      <tbody />
    </table>
  </div>
  <div
    className="VysledkyTypu--zavodnici"
  >
    <div
      className="VysledkyTypu__stats"
    >
      <table
        className="VysledkyTypuStats__table"
      >
        <thead>
          <tr>
            <th />
            <th>
              <a
                className="VysledkyTypuStats__a"
                name="koloběžka"
              >
                 
                koloběžky
                 
              </a>
            </th>
            <th>
              startovalo
            </th>
            <th>
              dokončilo
            </th>
          </tr>
        </thead>
        <tbody>
          <tr
            className="VysledkyTypuStats__tr--total"
          >
            <td />
            <td>
              celkem
            </td>
            <td
              className="VysledkyTypuStats__td--pocty"
            >
              0
            </td>
            <td
              className="VysledkyTypuStats__td--pocty"
            >
              0
            </td>
          </tr>
        </tbody>
      </table>
    </div>
    <table
      className="VysledkyTypuZavodnici__table"
    >
      <thead
        className="VysledkyTypuUcastnici__thead"
      >
        <tr>
          <th
            className="VysledkyTypuUcastnici__th--caption"
            colSpan={6}
          >
            koloběžky
          </th>
        </tr>
        <tr>
          <th
            rowSpan="3"
          >
            start.
            <br />
            číslo
          </th>
          <th
            rowSpan="3"
          >
            příjmení a jméno
          </th>
          <th
            rowSpan="3"
          >
            klub či obec
          </th>
          <th
            rowSpan="3"
          >
            nar.
          </th>
          <th
            rowSpan="3"
          >
            čas
          </th>
          <th
            colSpan={1}
          >
            umístění
          </th>
        </tr>
        <tr>
          <th
            rowSpan="2"
          >
            abs.
          </th>
          <th
            colSpan={0}
          >
            v kategorii
          </th>
        </tr>
        <tr />
      </thead>
      <tbody />
    </table>
  </div>
  <div
    className="VysledkyTypu--zavodnici"
  >
    <div
      className="VysledkyTypu__stats"
    >
      <table
        className="VysledkyTypuStats__table"
      >
        <thead>
          <tr>
            <th />
            <th>
              <a
                className="VysledkyTypuStats__a"
                name="maraton"
              >
                 
                maratonci
                 
              </a>
            </th>
            <th>
              startovalo
            </th>
            <th>
              dokončilo
            </th>
          </tr>
        </thead>
        <tbody>
          <tr
            className="VysledkyTypuStats__tr--total"
          >
            <td />
            <td>
              celkem
            </td>
            <td
              className="VysledkyTypuStats__td--pocty"
            >
              0
            </td>
            <td
              className="VysledkyTypuStats__td--pocty"
            >
              0
            </td>
          </tr>
        </tbody>
      </table>
    </div>
    <table
      className="VysledkyTypuZavodnici__table"
    >
      <thead
        className="VysledkyTypuUcastnici__thead"
      >
        <tr>
          <th
            className="VysledkyTypuUcastnici__th--caption"
            colSpan={6}
          >
            maratonci
          </th>
        </tr>
        <tr>
          <th
            rowSpan="3"
          >
            start.
            <br />
            číslo
          </th>
          <th
            rowSpan="3"
          >
            příjmení a jméno
          </th>
          <th
            rowSpan="3"
          >
            klub či obec
          </th>
          <th
            rowSpan="3"
          >
            nar.
          </th>
          <th
            rowSpan="3"
          >
            čas
          </th>
          <th
            colSpan={1}
          >
            umístění
          </th>
        </tr>
        <tr>
          <th
            rowSpan="2"
          >
            abs.
          </th>
          <th
            colSpan={0}
          >
            v kategorii
          </th>
        </tr>
        <tr />
      </thead>
      <tbody />
    </table>
  </div>
  <div
    className="VysledkyTypu--nezavodnici"
  >
    <div
      className="VysledkyTypu__stats"
    >
      <table
        className="VysledkyTypuStats__table"
      >
        <thead>
          <tr>
            <th />
            <th>
              <a
                className="VysledkyTypuStats__a"
                name="pěší"
              >
                 
                turisté
                 
              </a>
            </th>
            <th>
              startovalo
            </th>
            <th>
              dokončilo
            </th>
          </tr>
        </thead>
        <tbody>
          <tr
            className="VysledkyTypuStats__tr--total"
          >
            <td />
            <td>
              celkem
            </td>
            <td
              className="VysledkyTypuStats__td--pocty"
            >
              0
            </td>
            <td
              className="VysledkyTypuStats__td--pocty"
            >
              0
            </td>
          </tr>
        </tbody>
      </table>
    </div>
    <table
      className="VysledkyTypuNezavodnici__table"
    >
      <thead
        className="VysledkyTypuUcastnici__thead"
      >
        <tr>
          <th
            className="VysledkyTypuUcastnici__th--caption"
            colSpan={3}
          >
            turisté
          </th>
        </tr>
        <tr>
          <th>
            příjmení a jméno
          </th>
          <th>
            klub či obec
          </th>
          <th>
            nar.
          </th>
        </tr>
      </thead>
      <tbody />
    </table>
  </div>
  <div
    className="VysledkyTypu--zavodnici"
  >
    <div
      className="VysledkyTypu__stats"
    >
      <table
        className="VysledkyTypuStats__table"
      >
        <thead>
          <tr>
            <th />
            <th>
              <a
                className="VysledkyTypuStats__a"
                name="půlmaraton"
              >
                 
                půlmaratonci
                 
              </a>
            </th>
            <th>
              startovalo
            </th>
            <th>
              dokončilo
            </th>
          </tr>
        </thead>
        <tbody>
          <tr>
            <td>
              4M
            </td>
            <td>
              muži 60 a více
            </td>
            <td
              className="VysledkyTypuStats__td--pocty"
            >
              1
            </td>
            <td
              className="VysledkyTypuStats__td--pocty"
            >
              0
            </td>
          </tr>
          <tr>
            <td>
              1Ž
            </td>
            <td>
              ženy 18-39
            </td>
            <td
              className="VysledkyTypuStats__td--pocty"
            >
              1
            </td>
            <td
              className="VysledkyTypuStats__td--pocty"
            >
              1
            </td>
          </tr>
          <tr
            className="VysledkyTypuStats__tr--total"
          >
            <td />
            <td>
              celkem
            </td>
            <td
              className="VysledkyTypuStats__td--pocty"
            >
              2
            </td>
            <td
              className="VysledkyTypuStats__td--pocty"
            >
              1
            </td>
          </tr>
        </tbody>
      </table>
    </div>
    <table
      className="VysledkyTypuZavodnici__table"
    >
      <thead
        className="VysledkyTypuUcastnici__thead"
      >
        <tr>
          <th
            className="VysledkyTypuUcastnici__th--caption"
            colSpan={8}
          >
            půlmaratonci
          </th>
        </tr>
        <tr>
          <th
            rowSpan="3"
          >
            start.
            <br />
            číslo
          </th>
          <th
            rowSpan="3"
          >
            příjmení a jméno
          </th>
          <th
            rowSpan="3"
          >
            klub či obec
          </th>
          <th
            rowSpan="3"
          >
            nar.
          </th>
          <th
            rowSpan="3"
          >
            čas
          </th>
          <th
            colSpan={3}
          >
            umístění
          </th>
        </tr>
        <tr>
          <th
            rowSpan="2"
          >
            abs.
          </th>
          <th
            colSpan={2}
          >
            v kategorii
          </th>
        </tr>
        <tr>
          <th>
            4M
          </th>
          <th>
            1Ž
          </th>
        </tr>
      </thead>
      <tbody>
        <tr>
          <td
            className="VysledkyTypuUcastnici__td--startCislo"
          >
            11
          </td>
          <td>
            Zralá
             
            Hana
          </td>
          <td>
            SK Nudle
          </td>
          <td>
            1999
          </td>
          <td>
            PT2H06M32.6S
          </td>
          <td
            className="VysledkyTypuUcastnici__td--poradi"
          >
            1.
          </td>
          <td
            className="VysledkyTypuUcastnici__td--poradi"
          >
             
          </td>
          <td
            className="VysledkyTypuUcastnici__td--poradi"
          >
            1.
          </td>
        </tr>
        <tr>
          <td
            className="VysledkyTypuUcastnici__td--startCislo"
          >
            15
          </td>
          <td>
            Balabák
             
            Roman
          </td>
          <td>
            Ostrava 2
          </td>
          <td>
            1956
          </td>
          <td>
            nedokončeno
          </td>
          <td
            className="VysledkyTypuUcastnici__td--poradi"
          >
            -
          </td>
          <td
            className="VysledkyTypuUcastnici__td--poradi"
          >
            -
          </td>
          <td
            className="VysledkyTypuUcastnici__td--poradi"
          >
             
          </td>
        </tr>
      </tbody>
    </table>
  </div>
</div>
`;
