// Jest Snapshot v1, https://goo.gl/fbAQLP

exports[`maraton 1`] = `
<Provider
  store={
    Object {
      "clearActions": [Function],
      "dispatch": [Function],
      "getActions": [Function],
      "getState": [Function],
      "replaceReducer": [Function],
      "subscribe": [Function],
    }
  }
>
  <DragDropContext(DnDTestContextContainer)
    canDrop={[Function]}
    onDrop={[Function]}
    typ="maraton"
  >
    <DnDTestContextContainer
      canDrop={[Function]}
      onDrop={[Function]}
      typ="maraton"
    >
      <StartovniCisla
        canDrop={[Function]}
        onDrop={[Function]}
        typ="maraton"
      >
        <div
          className="StartovniCisla-casomeric"
        >
          <Connect(StartovniCislaProTyp)
            Renderer={[Function]}
            jenStartujici={true}
            odstartovani={true}
            typ="maraton"
          >
            <StartovniCislaProTyp
              Renderer={[Function]}
              dispatch={[Function]}
              jenStartujici={true}
              odstartovani={true}
              startovniCisla={Array []}
              typ="maraton"
            >
              <div
                className="StartovniCislaProTyp__grid"
              />
            </StartovniCislaProTyp>
          </Connect(StartovniCislaProTyp)>
          <div
            className="StartovniCisla-casomeric__legenda"
          >
            <DroppableLegendaItem
              canDrop={[Function]}
              key="dokonceno"
              name="dokonceno"
              onDrop={[Function]}
              popisek="dokončeno"
              typ="maraton"
            >
              <DropTarget(LegendaItem)
                name="dokonceno"
                popisek="dokončeno"
                typ="maraton"
              >
                <LegendaItem
                  connectDropTarget={[Function]}
                  isDropOver={false}
                  name="dokonceno"
                  popisek="dokončeno"
                  typ="maraton"
                >
                  <div>
                    <Label
                      bsClass="label"
                      bsStyle="default"
                      className="Legenda__item Legenda__item--dokonceno "
                    >
                      <span
                        className="Legenda__item Legenda__item--dokonceno  label label-default"
                      >
                        dokončeno
                      </span>
                    </Label>
                  </div>
                </LegendaItem>
              </DropTarget(LegendaItem)>
            </DroppableLegendaItem>
            <DroppableLegendaItem
              canDrop={[Function]}
              key="nedokonceno"
              name="nedokonceno"
              onDrop={[Function]}
              popisek="nedokončeno"
              typ="maraton"
            >
              <DropTarget(LegendaItem)
                name="nedokonceno"
                popisek="nedokončeno"
                typ="maraton"
              >
                <LegendaItem
                  connectDropTarget={[Function]}
                  isDropOver={false}
                  name="nedokonceno"
                  popisek="nedokončeno"
                  typ="maraton"
                >
                  <div>
                    <Label
                      bsClass="label"
                      bsStyle="default"
                      className="Legenda__item Legenda__item--nedokonceno "
                    >
                      <span
                        className="Legenda__item Legenda__item--nedokonceno  label label-default"
                      >
                        nedokončeno
                      </span>
                    </Label>
                  </div>
                </LegendaItem>
              </DropTarget(LegendaItem)>
            </DroppableLegendaItem>
            <DroppableLegendaItem
              canDrop={[Function]}
              key="na-trase"
              name="na-trase"
              onDrop={[Function]}
              popisek="na trase"
              typ="maraton"
            >
              <DropTarget(LegendaItem)
                name="na-trase"
                popisek="na trase"
                typ="maraton"
              >
                <LegendaItem
                  connectDropTarget={[Function]}
                  isDropOver={false}
                  name="na-trase"
                  popisek="na trase"
                  typ="maraton"
                >
                  <div>
                    <Label
                      bsClass="label"
                      bsStyle="default"
                      className="Legenda__item Legenda__item--na-trase "
                    >
                      <span
                        className="Legenda__item Legenda__item--na-trase  label label-default"
                      >
                        na trase
                      </span>
                    </Label>
                  </div>
                </LegendaItem>
              </DropTarget(LegendaItem)>
            </DroppableLegendaItem>
          </div>
        </div>
      </StartovniCisla>
    </DnDTestContextContainer>
  </DragDropContext(DnDTestContextContainer)>
</Provider>
`;
