// Jest Snapshot v1, https://goo.gl/fbAQLP

exports[`dva startující na trase 1`] = `
<form
  className="form-inline"
  onSubmit={[Function]}
>
  <div
    className="form-group form-group-sm has-feedback has-success"
  >
    <input
      className="ValidatedCislo-input form-control"
      id="validatedCislo"
      onChange={[Function]}
      placeholder="startovní číslo"
      type="text"
      value=""
    />
    <span
      className="form-control-feedback glyphicon glyphicon-ok"
    />
  </div>
</form>
`;

exports[`žádní startující 1`] = `
<form
  className="form-inline"
  onSubmit={[Function]}
>
  <div
    className="form-group form-group-sm has-feedback has-success"
  >
    <input
      className="ValidatedCislo-input form-control"
      id="validatedCislo"
      onChange={[Function]}
      placeholder="startovní číslo"
      type="text"
      value=""
    />
    <span
      className="form-control-feedback glyphicon glyphicon-ok"
    />
  </div>
</form>
`;
