// Jest Snapshot v1, https://goo.gl/fbAQLP

exports[`renders 1`] = `
<div
  height={500}
  width={500}
>
  <DimensionsHOC
    fetchUcastnici={[Function]}
    onSortDirChange={[Function]}
    ucastniciDigest={Array []}
  >
    <div
      className={null}
      style={
        Object {
          "border": 0,
          "height": "100%",
          "padding": 0,
          "width": "100%",
        }
      }
    >
      <UcastniciDigest
        containerHeight={638}
        containerWidth={924}
        fetchUcastnici={[Function]}
        onSortDirChange={[Function]}
        ucastniciDigest={Array []}
        updateDimensions={[Function]}
      >
        <div
          className="Ucastnici"
        >
          žádný účastník
        </div>
      </UcastniciDigest>
    </div>
  </DimensionsHOC>
</div>
`;
