// Jest Snapshot v1, https://goo.gl/fbAQLP

exports[`dva účastníci 1`] = `
<FixedDataTable
  data={
    Array [
      Object {
        "id": "5a09b1fd371dec1e99b7e1c9",
        "jmeno": "Roman",
        "narozeni": "1956",
        "prijmeni": "Balabák",
      },
      Object {
        "id": "6f09b1fd371dec1e99b7e1c9",
        "jmeno": "Martina",
        "narozeni": "7. 12. 1963",
        "prijmeni": "Sukdoláková",
      },
    ]
  }
  footerHeight={0}
  groupHeaderHeight={0}
  headerHeight={35}
  height={500}
  keyboardPageEnabled={true}
  keyboardScrollEnabled={true}
  rowHeight={35}
  rowsCount={2}
  showScrollbarX={true}
  showScrollbarY={true}
  stopScrollPropagation={false}
  touchScrollEnabled={false}
  width={500}
>
  <FixedDataTableColumn
    allowCellsRecycling={false}
    cell={
      <TextCell
        columnKey="prijmeni"
        data={
          Array [
            Object {
              "id": "5a09b1fd371dec1e99b7e1c9",
              "jmeno": "Roman",
              "narozeni": "1956",
              "prijmeni": "Balabák",
            },
            Object {
              "id": "6f09b1fd371dec1e99b7e1c9",
              "jmeno": "Martina",
              "narozeni": "7. 12. 1963",
              "prijmeni": "Sukdoláková",
            },
          ]
        }
      />
    }
    columnKey="prijmeni"
    fixed={false}
    fixedRight={false}
    header={
      <SortHeaderCell
        columnKey="prijmeni"
        onSortDirChange={[Function]}
        sortDir="none"
      >
        příjmení
      </SortHeaderCell>
    }
    key="prijmeni"
    width={100}
  />
  <FixedDataTableColumn
    allowCellsRecycling={false}
    cell={
      <TextCell
        columnKey="jmeno"
        data={
          Array [
            Object {
              "id": "5a09b1fd371dec1e99b7e1c9",
              "jmeno": "Roman",
              "narozeni": "1956",
              "prijmeni": "Balabák",
            },
            Object {
              "id": "6f09b1fd371dec1e99b7e1c9",
              "jmeno": "Martina",
              "narozeni": "7. 12. 1963",
              "prijmeni": "Sukdoláková",
            },
          ]
        }
      />
    }
    columnKey="jmeno"
    fixed={false}
    fixedRight={false}
    header={
      <SortHeaderCell
        columnKey="jmeno"
        onSortDirChange={[Function]}
        sortDir="none"
      >
        jméno
      </SortHeaderCell>
    }
    key="jmeno"
    width={100}
  />
  <FixedDataTableColumn
    allowCellsRecycling={false}
    cell={
      <TextCell
        columnKey="narozeni"
        data={
          Array [
            Object {
              "id": "5a09b1fd371dec1e99b7e1c9",
              "jmeno": "Roman",
              "narozeni": "1956",
              "prijmeni": "Balabák",
            },
            Object {
              "id": "6f09b1fd371dec1e99b7e1c9",
              "jmeno": "Martina",
              "narozeni": "7. 12. 1963",
              "prijmeni": "Sukdoláková",
            },
          ]
        }
      />
    }
    columnKey="narozeni"
    fixed={false}
    fixedRight={false}
    header={
      <SortHeaderCell
        columnKey="narozeni"
        onSortDirChange={[Function]}
        sortDir="none"
      >
        narození
      </SortHeaderCell>
    }
    key="narozeni"
    width={100}
  />
</FixedDataTable>
`;

exports[`žádný účastník 1`] = `
<div
  className="Ucastnici"
>
  žádný účastník
</div>
`;
