// Jest Snapshot v1, https://goo.gl/fbAQLP

exports[`maps state and dispatch to props 1`] = `
Array [
  Object {
    "id": "5a09b1fd371dec1e99b7e1c9",
    "jmeno": "Roman",
    "kod": "10728864",
    "narozeni": Object {
      "rok": 1956,
    },
    "prijmeni": "Balabák",
  },
  Object {
    "id": "8344bc71dec1e99b7e1d01e",
    "jmeno": "Slavěna",
    "kod": "0234jsdj0jdaklsd",
    "narozeni": Object {
      "den": 13,
      "mesic": 8,
      "rok": 2001,
    },
    "prijmeni": "Kyselová",
  },
  Object {
    "id": "9ccbc71dedc1e99b7e1d671",
    "jmeno": "Božena",
    "kod": "abc023skd204mvs345",
    "narozeni": Object {
      "den": 25,
      "mesic": 7,
      "rok": 2001,
    },
    "prijmeni": "Půlmaratonka",
  },
  Object {
    "id": "f5c88400190a4bed88c76736",
    "jmeno": "Josef",
    "kod": "rcc023skd204mvs345",
    "narozeni": Object {
      "den": 25,
      "mesic": 7,
      "rok": 2001,
    },
    "prijmeni": "Smalt",
  },
  Object {
    "id": "6f09b1fd371dec1e99b7e1c9",
    "jmeno": "Martina",
    "narozeni": Object {
      "den": 7,
      "mesic": 12,
      "rok": 1963,
    },
    "prijmeni": "Sukdoláková",
  },
  Object {
    "id": "7a09b1fd371dec1e99b7e142",
    "jmeno": "Hana",
    "kod": "abc023skd204mvs345",
    "narozeni": Object {
      "den": 25,
      "mesic": 7,
      "rok": 1999,
    },
    "prijmeni": "Zralá",
  },
]
`;
