// Jest Snapshot v1, https://goo.gl/fbAQLP

exports[`renders 1`] = `
<TypeaheadContainer(WrappedTypeahead)
  a11yNumResults={[Function]}
  a11yNumSelected={[Function]}
  align="justify"
  allowNew={false}
  autoComplete={false}
  autoFocus={false}
  bodyContainer={false}
  caseSensitive={false}
  className="PrihlaskySearch"
  clearButton={false}
  defaultInputValue=""
  defaultOpen={false}
  defaultSelected={Array []}
  disabled={false}
  dropup={false}
  emptyLabel="Nic nenalezeno."
  filterBy={[Function]}
  flip={false}
  highlightOnlyResult={true}
  ignoreDiacritics={true}
  inputProps={Object {}}
  isInvalid={false}
  isLoading={false}
  isValid={false}
  labelKey="prijmeni"
  maxResults={100}
  minLength={1}
  multiple={false}
  onBlur={[Function]}
  onChange={[Function]}
  onFocus={[Function]}
  onInputChange={[Function]}
  onKeyDown={[Function]}
  onPaginate={[Function]}
  options={
    Array [
      Object {
        "id": "===id1===",
        "jmeno": "Jiří",
        "kod": "===kod1===",
        "narozeni": Object {
          "rok": 1956,
        },
        "prijmeni": "Hudec",
      },
      Object {
        "id": "===id2===",
        "jmeno": "Jana",
        "kod": "===kod2===",
        "narozeni": Object {
          "rok": 1967,
        },
        "prijmeni": "Suchá",
      },
      Object {
        "id": "===id3===",
        "jmeno": "Jan",
        "narozeni": Object {
          "rok": 2001,
        },
        "prijmeni": "Kryl",
      },
    ]
  }
  paginate={true}
  paginationText="Display additional results..."
  placeholder="Začni psát příjmení nebo vlož kód přihlášky."
  renderMenuItemChildren={[Function]}
  selectHintOnEnter={true}
/>
`;
