// Jest Snapshot v1, https://goo.gl/fbAQLP

exports[`jeden mezičas 1`] = `
<table
  className="table"
>
  <tbody>
    <tr>
      <td>
        1
        .
      </td>
      <td>
        0
        :
        00
        :
        34
        ,
        53
      </td>
      <td>
        
      </td>
      <td>
        <button
          className="btn btn-xs btn-danger"
          disabled={false}
          onClick={[Function]}
          type="button"
        >
          x
        </button>
      </td>
    </tr>
  </tbody>
</table>
`;

exports[`tři mezičasy 1`] = `
<table
  className="table"
>
  <tbody>
    <tr>
      <td>
        1
        .
      </td>
      <td>
        0
        :
        00
        :
        34
        ,
        53
      </td>
      <td>
        
      </td>
      <td>
        <button
          className="btn btn-xs btn-danger"
          disabled={false}
          onClick={[Function]}
          type="button"
        >
          x
        </button>
      </td>
    </tr>
    <tr>
      <td>
        2
        .
      </td>
      <td>
        0
        :
        57
        :
        33
        ,
        67
      </td>
      <td>
        
      </td>
      <td>
        <button
          className="btn btn-xs btn-danger"
          disabled={false}
          onClick={[Function]}
          type="button"
        >
          x
        </button>
      </td>
    </tr>
    <tr>
      <td>
        3
        .
      </td>
      <td>
        23
        :
        56
        :
        09
        ,
        87
      </td>
      <td>
        
      </td>
      <td>
        <button
          className="btn btn-xs btn-danger"
          disabled={false}
          onClick={[Function]}
          type="button"
        >
          x
        </button>
      </td>
    </tr>
  </tbody>
</table>
`;
