// Jest Snapshot v1, https://goo.gl/fbAQLP

exports[`prázdná poznámka 1`] = `
<div
  className="Poznamka"
>
  <div
    className="Poznamka__header"
  >
    <div
      className="Poznamka__datum"
    >
      23. 5. 2019 v 22:05:53
    </div>
    <div
      className="Poznamka__header_icons"
    >
      <div
        className="Poznamka__delete"
        onClick={[MockFunction]}
        title="vymaže poznámku"
      >
        <span
          className="glyphicon glyphicon-remove"
        />
      </div>
    </div>
  </div>
  <div
    className="Poznamka__text"
  >
    <textarea
      className="Poznamka__textarea"
      onBlur={[Function]}
      onChange={[Function]}
      rows={2}
      value="text poznámky"
    />
  </div>
</div>
`;
