// Jest Snapshot v1, https://goo.gl/fbAQLP

exports[`maps state and dispatch to props 1`] = `
Array [
  Object {
    "id": "5a09b1fd371dec1e99b7e1c9",
    "jmeno": "Roman",
    "kod": "10728864",
    "narozeni": Object {
      "rok": 1956,
    },
    "prijmeni": "Balabák",
  },
  Object {
    "id": "6f09b1fd371dec1e99b7e1c9",
    "jmeno": "Martina",
    "narozeni": Object {
      "den": 7,
      "mesic": 12,
      "rok": 1963,
    },
    "prijmeni": "Sukdoláková",
  },
]
`;
