// Jest Snapshot v1, https://goo.gl/fbAQLP

exports[`it renders 1`] = `
<div
  className="alert alert-danger alert-dismissable"
  role="alert"
>
  <button
    className="close"
    onClick={[Function]}
    type="button"
  >
    <span
      aria-hidden="true"
    >
      ×
    </span>
    <span
      className="sr-only"
    >
      Close alert
    </span>
  </button>
  <h4>
    Chyba při něčem!
  </h4>
  <p>
    Popis: 
    Dlouhý popisek chyby
  </p>
  <p>
    Chybový kód: 
    chybový kód
  </p>
  <p>
    <button
      className="btn btn-default"
      disabled={false}
      onClick={[Function]}
      type="button"
    >
      Schovat chybu
    </button>
  </p>
</div>
`;
