// Jest Snapshot v1, https://goo.gl/fbAQLP

exports[`maps state to props - default 1`] = `
Object {
  "total": Object {
    "odstartovano": 3,
    "suma": 780,
    "typy": Object {
      "hotově": Object {
        "counts": Object {
          "350": 1,
          "80": 1,
        },
        "suma": 430,
      },
      "převodem": Object {
        "counts": Object {
          "100": 1,
          "250": 1,
        },
        "suma": 350,
      },
    },
    "ucastniku": 3,
  },
  "typy": Object {
    "maraton": Object {
      "odstartovano": 0,
      "suma": 250,
      "typy": Object {
        "převodem": Object {
          "counts": Object {
            "250": 1,
          },
          "suma": 250,
        },
      },
      "ucastniku": 1,
    },
    "půlmaraton": Object {
      "odstartovano": 3,
      "suma": 530,
      "typy": Object {
        "hotově": Object {
          "counts": Object {
            "350": 1,
            "80": 1,
          },
          "suma": 430,
        },
        "převodem": Object {
          "counts": Object {
            "100": 1,
          },
          "suma": 100,
        },
      },
      "ucastniku": 2,
    },
  },
}
`;
