// Jest Snapshot v1, https://goo.gl/fbAQLP

exports[`na začátku 1`] = `<div />`;

exports[`po načtení 1`] = `
<div>
  baz
</div>
`;

exports[`při načítání 1`] = `
<div
  className="PrihlaskyForm_div"
>
  <span
    className="LoadingIndicator glyphicon glyphicon-repeat"
  />
   Načítám účastníky...
</div>
`;
