// Jest Snapshot v1, https://goo.gl/fbAQLP

exports[`renders 1`] = `
<div>
  <input
    className="Filterable_input"
    onBlur={[Function]}
    onChange={[Function]}
    onKeyDown={[Function]}
    placeholder="Filtr na příjmení a jméno"
    type="text"
    value=""
  />
  <div
    className="Filterable_kategorie btn-group"
  >
    <span
      className="KategorieFilter"
    >
      <button
        className="btn btn-default"
        disabled={false}
        onClick={[Function]}
        style={
          Object {
            "backgroundColor": "rgba(176, 255, 181, 0.5)",
          }
        }
        type="button"
      >
        <span
          className="glyphicon glyphicon-filter"
        />
         
        maraton
      </button>
    </span>
    <span
      className="KategorieFilter"
    >
      <button
        className="btn btn-default"
        disabled={false}
        onClick={[Function]}
        style={
          Object {
            "backgroundColor": "rgba(255, 131, 122, 0.5)",
          }
        }
        type="button"
      >
        <span
          className="glyphicon glyphicon-filter"
        />
         
        půlmaraton
      </button>
    </span>
    <span
      className="KategorieFilter"
    >
      <button
        className="btn btn-default"
        disabled={false}
        onClick={[Function]}
        style={
          Object {
            "backgroundColor": "rgba(239, 224, 35, 0.5)",
          }
        }
        type="button"
      >
        <span
          className="glyphicon glyphicon-filter"
        />
         
        cyklo
      </button>
    </span>
    <span
      className="KategorieFilter"
    >
      <button
        className="btn btn-default"
        disabled={false}
        onClick={[Function]}
        style={
          Object {
            "backgroundColor": "rgba(80, 124, 239, 0.5)",
          }
        }
        type="button"
      >
        <span
          className="glyphicon glyphicon-filter"
        />
         
        koloběžka
      </button>
    </span>
    <span
      className="KategorieFilter"
    >
      <button
        className="btn btn-default"
        disabled={false}
        onClick={[Function]}
        style={
          Object {
            "backgroundColor": "rgba(215, 147, 255, 0.5)",
          }
        }
        type="button"
      >
        <span
          className="glyphicon glyphicon-filter"
        />
         
        pěší
      </button>
    </span>
  </div>
  <span
    className="Filterable_zobrazeno"
  >
    zobrazeno: 
    <span
      className="badge"
    >
      0
    </span>
  </span>
</div>
`;
