// Jest Snapshot v1, https://goo.gl/fbAQLP

exports[`vytvoř minimálního účastníka 1`] = `
Object {
  "code": "ok",
  "response": Object {
    "id": "---",
  },
}
`;

exports[`vytvoř minimálního účastníka 2`] = `
Array [
  Object {
    "__v": 0,
    "ucasti": Array [
      Object {
        "rok": 2017,
        "udaje": Object {
          "jmeno": "František",
          "narozeni": Object {
            "rok": 1953,
          },
          "obec": "Ostrava 1",
          "pohlavi": "muz",
          "prijmeni": "Balabák",
          "stat": "Česká republika",
        },
      },
    ],
  },
]
`;
