// Jest Snapshot v1, https://goo.gl/fbAQLP

exports[`findAllUcastnici [not authenticated] 1`] = `
Object {
  "status": "Špatný ověřovací token. Zkus se přihlásit znovu. Detaily: JsonWebTokenError: jwt must be provided",
}
`;

exports[`findAllUcastnici 1`] = `
Object {
  "code": "ok",
  "response": Object {
    "id1": Object {
      "2017": Object {
        "platby": Array [],
        "ubytovani": Array [],
        "udaje": Object {
          "jmeno": "Roman",
          "narozeni": Object {
            "rok": 1956,
          },
          "obec": "Ostrava 1",
          "pohlavi": "muž",
          "prijmeni": "Balabák",
          "stat": "Česká republika",
        },
        "vykon": Object {
          "cas": "PT1H25M32.6S",
          "dokonceno": true,
          "kategorie": "k1",
          "startCislo": 34,
        },
      },
      "2018": Object {
        "platby": Array [],
        "ubytovani": Array [],
        "udaje": Object {
          "jmeno": "Roman",
          "narozeni": Object {
            "rok": 1956,
          },
          "obec": "Ostrava 2",
          "pohlavi": "muž",
          "prijmeni": "Balabák",
          "stat": "Česká republika",
        },
        "vykon": Object {
          "dokonceno": false,
          "kategorie": "k1",
          "startCislo": 15,
        },
      },
      "roky": Array [
        2018,
        2017,
      ],
    },
    "id2": Object {
      "2016": Object {
        "platby": Array [],
        "ubytovani": Array [],
        "udaje": Object {
          "jmeno": "Zdeňka",
          "narozeni": Object {
            "den": 7,
            "mesic": 12,
            "rok": 1966,
          },
          "obec": "Kladno",
          "pohlavi": "žena",
          "prijmeni": "Sukdoláková",
          "stat": "Česká republika",
        },
        "vykon": Object {
          "cas": "PT3H42M32.6S",
          "dokonceno": true,
          "kategorie": "k2",
          "startCislo": 11,
        },
      },
      "2017": Object {
        "platby": Array [],
        "ubytovani": Array [],
        "udaje": Object {
          "jmeno": "Zdeňka",
          "narozeni": Object {
            "den": 7,
            "mesic": 12,
            "rok": 1966,
          },
          "obec": "Kladno",
          "pohlavi": "žena",
          "prijmeni": "Primasová",
          "stat": "Česká republika",
        },
        "vykon": Object {
          "cas": "PT2H8M23.7S",
          "dokonceno": true,
          "kategorie": "k2",
          "startCislo": 7,
        },
      },
      "roky": Array [
        2017,
        2016,
      ],
    },
  },
  "status": undefined,
}
`;
